// Jest Snapshot v1, https://goo.gl/fbAQLP

exports[`Inserter restricts allowed blocks inside media & text block  1`] = `
Array [
  "Button",
  "Heading",
  "List",
  "Paragraph",
]
`;

exports[`Inserter shows all blocks inside the default block 1`] = `
Array [
  "Amazon Kindle",
  "Animoto",
  "Archives",
  "Audio",
  "Button",
  "Calendar",
  "Categories",
  "Classic",
  "Cloudup",
  "Code",
  "CollegeHumor",
  "Columns",
  "Cover",
  "Crowdsignal",
  "Custom HTML",
  "Dailymotion",
  "Embed",
  "Facebook",
  "File",
  "Flickr",
  "Gallery",
  "Heading",
  "Hulu",
  "Image",
  "Imgur",
  "Instagram",
  "Issuu",
  "Kickstarter",
  "Latest Comments",
  "Latest Posts",
  "Legacy Widget (Experimental)",
  "List",
  "Media & Text",
  "Meetup.com",
  "Mixcloud",
  "More",
  "Page Break",
  "Paragraph",
  "Preformatted",
  "Pullquote",
  "Quote",
  "RSS",
  "Reddit",
  "ReverbNation",
  "Screencast",
  "Scribd",
  "Search",
  "Separator",
  "Shortcode",
  "Slideshare",
  "SmugMug",
  "SoundCloud",
  "Spacer",
  "Speaker Deck",
  "Spotify",
  "TED",
  "Table",
  "Tag Cloud",
  "Tumblr",
  "Twitter",
  "Verse",
  "Video",
  "VideoPress",
  "Vimeo",
  "WordPress",
  "WordPress.tv",
  "YouTube",
]
`;
